// Jest Snapshot v1, https://goo.gl/fbAQLP

exports[`github awaits user response when request works 1`] = `
Array [
  Object {
    "embed": Object {
      "author": null,
      "color": 2369838,
      "description": "1. [**facebook/react** - *A declarative, efficient, and flexible JavaScript...*](https://github.com/facebook/react)
2. [**duxianwei520/react** - *React+webpack+redux+ant...*](https://github.com/duxianwei520/react)
3. [**discountry/react** - *React docs in Chinese | React 中文文档翻译*](https://github.com/discountry/react)
4. [**Cathy0807/react** - *京东首页构建*](https://github.com/Cathy0807/react)
5. [**react-redux-antd-es6/react** - *基于react的企业后台管理开发框架*](https://github.com/react-redux-antd-es6/react)
6. [**HackYourFuture/React** - *This repository contains all the material for...*](https://github.com/HackYourFuture/React)
7. [**ReactiveCocoa/ReactiveCocoa** - *Cocoa framework and Obj-C dynamism...*](https://github.com/ReactiveCocoa/ReactiveCocoa)
8. [**facebook/react-native** - *A framework for building native apps with...*](https://github.com/facebook/react-native)
9. [**ReactTraining/react-router** - *Declarative routing for React*](https://github.com/ReactTraining/react-router)
10. [**vercel/next.js** - *The React Framework*](https://github.com/vercel/next.js)

:bulb: *react with a number (:one:, :two:, ...) to filter your result*
:neutral_face: *react with \`❌\` to delete*
:point_up: *supports \`!mdn\`, \`!github\`, \`!caniuse\`, \`!npm\`, \`!composer\`, \`!bundlephobia\`, and \`!php\`*
:gear: *issues? feature requests? head over to [github](https://github.com/ljosberinn/webdev-support-bot)*",
      "fields": Array [],
      "footer": Object {
        "iconURL": "https://github.githubassets.com/images/modules/logos_page/GitHub-Mark.png",
        "text": "1,394,200 results",
      },
      "title": "GitHub results for *search term*",
      "url": "https://github.com/search?q=search%20term",
    },
  },
]
`;

exports[`github awaits user response when request works 2`] = `
Array [
  Object {
    "edit": [MockFunction] {
      "calls": Array [
        Array [
          Object {
            "embed": Object {
              "author": Object {
                "icon_url": "some_avator",
                "name": "Facebook ",
                "url": "https://github.com/Facebook",
              },
              "color": 2369838,
              "description": "React",
              "fields": Array [
                Object {
                  "inline": false,
                  "name": "clone via...",
                  "value": "\`\`\`bash
git clone https://facebook.com/react
\`\`\`",
                },
                Object {
                  "inline": true,
                  "name": ":warning: open issues",
                  "value": "[0](https://facebook.com/react/issues)",
                },
                Object {
                  "inline": true,
                  "name": ":star: stars",
                  "value": "[10,000](https://facebook.com/react/stargazers)",
                },
                Object {
                  "inline": true,
                  "name": ":fork_and_knife: forks",
                  "value": "[](https://facebook.com/react/network/members)",
                },
                Object {
                  "inline": false,
                  "name": ":writing_hand: language",
                  "value": "en-US",
                },
              ],
              "footer": Object {
                "iconURL": "https://github.githubassets.com/images/modules/logos_page/GitHub-Mark.png",
                "text": "updated less than a minute ago - created less than a minute ago",
              },
              "title": "React",
              "url": "https://facebook.com/react",
            },
          },
          undefined,
        ],
      ],
      "results": Array [
        Object {
          "type": "return",
          "value": undefined,
        },
      ],
    },
  },
  Object {
    "channel": Object {
      "send": [MockFunction] {
        "calls": Array [
          Array [
            Object {
              "embed": Object {
                "author": null,
                "color": 2369838,
                "description": "1. [**facebook/react** - *A declarative, efficient, and flexible JavaScript...*](https://github.com/facebook/react)
2. [**duxianwei520/react** - *React+webpack+redux+ant...*](https://github.com/duxianwei520/react)
3. [**discountry/react** - *React docs in Chinese | React 中文文档翻译*](https://github.com/discountry/react)
4. [**Cathy0807/react** - *京东首页构建*](https://github.com/Cathy0807/react)
5. [**react-redux-antd-es6/react** - *基于react的企业后台管理开发框架*](https://github.com/react-redux-antd-es6/react)
6. [**HackYourFuture/React** - *This repository contains all the material for...*](https://github.com/HackYourFuture/React)
7. [**ReactiveCocoa/ReactiveCocoa** - *Cocoa framework and Obj-C dynamism...*](https://github.com/ReactiveCocoa/ReactiveCocoa)
8. [**facebook/react-native** - *A framework for building native apps with...*](https://github.com/facebook/react-native)
9. [**ReactTraining/react-router** - *Declarative routing for React*](https://github.com/ReactTraining/react-router)
10. [**vercel/next.js** - *The React Framework*](https://github.com/vercel/next.js)

:bulb: *react with a number (:one:, :two:, ...) to filter your result*
:neutral_face: *react with \`❌\` to delete*
:point_up: *supports \`!mdn\`, \`!github\`, \`!caniuse\`, \`!npm\`, \`!composer\`, \`!bundlephobia\`, and \`!php\`*
:gear: *issues? feature requests? head over to [github](https://github.com/ljosberinn/webdev-support-bot)*",
                "fields": Array [],
                "footer": Object {
                  "iconURL": "https://github.githubassets.com/images/modules/logos_page/GitHub-Mark.png",
                  "text": "1,394,200 results",
                },
                "title": "GitHub results for *search term*",
                "url": "https://github.com/search?q=search%20term",
              },
            },
          ],
        ],
        "results": Array [
          Object {
            "type": "return",
            "value": Promise {},
          },
        ],
      },
    },
    "delete": [MockFunction],
    "reply": [MockFunction],
  },
  Array [
    Object {
      "created": "2013-05-24T16:15:54Z",
      "description": "A declarative, efficient, and flexible JavaScript library for building user interfaces.",
      "forks": "29165",
      "homepage": "https://reactjs.org",
      "issues": 613,
      "language": "JavaScript",
      "license": Object {
        "name": "MIT License",
        "url": "http://choosealicense.com/licenses/mit",
      },
      "name": "facebook/react",
      "owner": Object {
        "avatar": "https://avatars3.githubusercontent.com/u/69631?v=4",
        "name": "facebook",
        "type": "Organization",
      },
      "stars": 149876,
      "updated": "2020-06-04T11:35:07Z",
      "url": "https://github.com/facebook/react",
    },
    Object {
      "created": "2016-12-02T13:08:43Z",
      "description": " React+webpack+redux+ant design+axios+less全家桶后台管理框架",
      "forks": "1317",
      "homepage": "",
      "issues": 0,
      "language": "JavaScript",
      "license": Object {
        "name": "MIT License",
        "url": "http://choosealicense.com/licenses/mit",
      },
      "name": "duxianwei520/react",
      "owner": Object {
        "avatar": "https://avatars1.githubusercontent.com/u/3249653?v=4",
        "name": "duxianwei520",
        "type": "User",
      },
      "stars": 3649,
      "updated": "2020-06-04T08:25:48Z",
      "url": "https://github.com/duxianwei520/react",
    },
    Object {
      "created": "2017-05-09T15:09:00Z",
      "description": "React docs in Chinese | React 中文文档翻译",
      "forks": "538",
      "homepage": "https://react.docschina.org/",
      "issues": 14,
      "language": "JavaScript",
      "license": Object {
        "name": "Creative Commons Attribution 4.0 International",
        "url": "http://choosealicense.com/licenses/mit",
      },
      "name": "discountry/react",
      "owner": Object {
        "avatar": "https://avatars0.githubusercontent.com/u/4507101?v=4",
        "name": "discountry",
        "type": "User",
      },
      "stars": 941,
      "updated": "2020-06-03T07:08:04Z",
      "url": "https://github.com/discountry/react",
    },
    Object {
      "created": "2016-11-02T10:18:45Z",
      "description": "京东首页构建",
      "forks": "366",
      "homepage": null,
      "issues": 0,
      "language": "JavaScript",
      "license": undefined,
      "name": "Cathy0807/react",
      "owner": Object {
        "avatar": "https://avatars0.githubusercontent.com/u/20653643?v=4",
        "name": "Cathy0807",
        "type": "User",
      },
      "stars": 645,
      "updated": "2020-05-29T09:54:23Z",
      "url": "https://github.com/Cathy0807/react",
    },
    Object {
      "created": "2016-12-28T07:44:04Z",
      "description": "基于react的企业后台管理开发框架",
      "forks": "323",
      "homepage": "",
      "issues": 7,
      "language": "JavaScript",
      "license": Object {
        "name": "MIT License",
        "url": "http://choosealicense.com/licenses/mit",
      },
      "name": "react-redux-antd-es6/react",
      "owner": Object {
        "avatar": "https://avatars3.githubusercontent.com/u/24805142?v=4",
        "name": "react-redux-antd-es6",
        "type": "Organization",
      },
      "stars": 708,
      "updated": "2020-06-02T01:42:05Z",
      "url": "https://github.com/react-redux-antd-es6/react",
    },
    Object {
      "created": "2017-06-06T09:58:23Z",
      "description": "This repository contains all the material for the HackYourFuture module \\"React.js: Building dynamic UIs with modern JavaScript\\"",
      "forks": "324",
      "homepage": "",
      "issues": 9,
      "language": null,
      "license": undefined,
      "name": "HackYourFuture/React",
      "owner": Object {
        "avatar": "https://avatars2.githubusercontent.com/u/20858568?v=4",
        "name": "HackYourFuture",
        "type": "Organization",
      },
      "stars": 78,
      "updated": "2020-06-02T12:00:55Z",
      "url": "https://github.com/HackYourFuture/React",
    },
    Object {
      "created": "2012-03-02T22:11:24Z",
      "description": "Cocoa framework and Obj-C dynamism bindings for ReactiveSwift.",
      "forks": "3551",
      "homepage": "",
      "issues": 48,
      "language": "Swift",
      "license": undefined,
      "name": "ReactiveCocoa/ReactiveCocoa",
      "owner": Object {
        "avatar": "https://avatars0.githubusercontent.com/u/3422977?v=4",
        "name": "ReactiveCocoa",
        "type": "Organization",
      },
      "stars": 19811,
      "updated": "2020-06-03T11:29:10Z",
      "url": "https://github.com/ReactiveCocoa/ReactiveCocoa",
    },
    Object {
      "created": "2015-01-09T18:10:16Z",
      "description": "A framework for building native apps with React.",
      "forks": "19491",
      "homepage": "https://reactnative.dev",
      "issues": 914,
      "language": "JavaScript",
      "license": undefined,
      "name": "facebook/react-native",
      "owner": Object {
        "avatar": "https://avatars3.githubusercontent.com/u/69631?v=4",
        "name": "facebook",
        "type": "Organization",
      },
      "stars": 87733,
      "updated": "2020-06-04T11:29:30Z",
      "url": "https://github.com/facebook/react-native",
    },
    Object {
      "created": "2014-05-16T22:22:51Z",
      "description": "Declarative routing for React",
      "forks": "8153",
      "homepage": "https://reacttraining.com/react-router/",
      "issues": 56,
      "language": "JavaScript",
      "license": Object {
        "name": "MIT License",
        "url": "http://choosealicense.com/licenses/mit",
      },
      "name": "ReactTraining/react-router",
      "owner": Object {
        "avatar": "https://avatars1.githubusercontent.com/u/11823761?v=4",
        "name": "ReactTraining",
        "type": "Organization",
      },
      "stars": 40730,
      "updated": "2020-06-04T09:49:03Z",
      "url": "https://github.com/ReactTraining/react-router",
    },
    Object {
      "created": "2016-10-05T23:32:51Z",
      "description": "The React Framework",
      "forks": "7449",
      "homepage": "https://nextjs.org",
      "issues": 494,
      "language": "JavaScript",
      "license": Object {
        "name": "MIT License",
        "url": "http://choosealicense.com/licenses/mit",
      },
      "name": "vercel/next.js",
      "owner": Object {
        "avatar": "https://avatars0.githubusercontent.com/u/14985020?v=4",
        "name": "vercel",
        "type": "Organization",
      },
      "stars": 49194,
      "updated": "2020-06-04T11:07:19Z",
      "url": "https://github.com/vercel/next.js",
    },
  ],
]
`;

exports[`github awaits user response when request works 3`] = `
Array [
  Object {
    "embed": Object {
      "author": null,
      "color": 2369838,
      "description": "1. [**facebook/react** - *A declarative, efficient, and flexible JavaScript...*](https://github.com/facebook/react)
2. [**duxianwei520/react** - *React+webpack+redux+ant...*](https://github.com/duxianwei520/react)
3. [**discountry/react** - *React docs in Chinese | React 中文文档翻译*](https://github.com/discountry/react)
4. [**Cathy0807/react** - *京东首页构建*](https://github.com/Cathy0807/react)
5. [**react-redux-antd-es6/react** - *基于react的企业后台管理开发框架*](https://github.com/react-redux-antd-es6/react)
6. [**HackYourFuture/React** - *This repository contains all the material for...*](https://github.com/HackYourFuture/React)
7. [**ReactiveCocoa/ReactiveCocoa** - *Cocoa framework and Obj-C dynamism...*](https://github.com/ReactiveCocoa/ReactiveCocoa)
8. [**facebook/react-native** - *A framework for building native apps with...*](https://github.com/facebook/react-native)
9. [**ReactTraining/react-router** - *Declarative routing for React*](https://github.com/ReactTraining/react-router)
10. [**vercel/next.js** - *The React Framework*](https://github.com/vercel/next.js)

:bulb: *react with a number (:one:, :two:, ...) to filter your result*
:neutral_face: *react with \`❌\` to delete*
:point_up: *supports \`!mdn\`, \`!github\`, \`!caniuse\`, \`!npm\`, \`!composer\`, \`!bundlephobia\`, and \`!php\`*
:gear: *issues? feature requests? head over to [github](https://github.com/ljosberinn/webdev-support-bot)*",
      "fields": Array [],
      "footer": Object {
        "iconURL": "https://github.githubassets.com/images/modules/logos_page/GitHub-Mark.png",
        "text": "1,394,200 results",
      },
      "title": "GitHub results for *search term*",
      "url": "https://github.com/search?q=search%20term",
    },
  },
]
`;
