// Jest Snapshot v1, https://goo.gl/fbAQLP

exports[`should throw an error if no user has been found 1`] = `
Array [
  Object {
    "embed": Object {
      "author": null,
      "color": 16670549,
      "description": "You have accumulated 0 points.",
      "fields": Array [],
      "footer": Object {
        "iconURL": "https://github.com/ljosberinn/webdev-support-bot/blob/master/logo.png?raw=true",
        "text": "Helpful User Points",
      },
      "title": "test#1234",
      "url": null,
    },
  },
]
`;