// Jest Snapshot v1, https://goo.gl/fbAQLP

exports[`buildBundlephobiaQueryHandler works when API request responds and details responds 1`] = `
Object {
  "embed": Object {
    "author": null,
    "color": 16777215,
    "description": "Parse, validate, manipulate, and display dates",
    "fields": Array [
      Object {
        "inline": true,
        "name": "size (latest)",
        "value": "69.90kb
(+0.69% to last)",
      },
      Object {
        "inline": true,
        "name": "size (previous)",
        "value": "69.42kb",
      },
      Object {
        "inline": true,
        "name": "dependencies",
        "value": "0",
      },
      Object {
        "inline": true,
        "name": "​",
        "value": "​",
      },
      Object {
        "inline": true,
        "name": "treeshakable?",
        "value": ":x:",
      },
      Object {
        "inline": true,
        "name": "side effects?",
        "value": ":exclamation: yes",
      },
      Object {
        "inline": true,
        "name": "download on edge",
        "value": "2.33s",
      },
      Object {
        "inline": true,
        "name": "download on 3g",
        "value": "1.40s",
      },
      Object {
        "inline": true,
        "name": "​",
        "value": "​",
      },
      Object {
        "inline": false,
        "name": "Similar packages",
        "value": "labelled as _General purpose date-time utilities_",
      },
      Object {
        "inline": true,
        "name": "date-fns",
        "value": "17.88kb",
      },
    ],
    "footer": Object {
      "iconURL": "https://bundlephobia.com/android-chrome-192x192.png",
      "text": "Sizes are always gzipped.",
    },
    "title": "moment",
    "url": "https://bundlephobia.com/result?p=moment",
  },
}
`;
