// Jest Snapshot v1, https://goo.gl/fbAQLP

exports[`handleComposerQuery calls the use useData method and fails 1`] = `
Object {
  "embed": Object {
    "author": null,
    "color": 15895834,
    "description": "1. [**Symfony** - *Better than Laravel*](https://symfony.com)

:bulb: *react with a number (:one:, :two:, ...) to filter your result*
:neutral_face: *react with \`❌\` to delete*
:point_up: *supports \`!mdn\`, \`!github\`, \`!caniuse\`, \`!npm\`, \`!composer\`, \`!bundlephobia\`, and \`!php\`*
:gear: *issues? feature requests? head over to [github](https://github.com/ljosberinn/webdev-support-bot)*",
    "fields": Array [],
    "footer": Object {
      "iconURL": "https://packagist.org/bundles/packagistweb/img/logo-small.png",
      "text": "1 packages found",
    },
    "title": "Packagist results for search term",
    "url": "https://packagist.org/?query=search%20term",
  },
}
`;

exports[`handleComposerQuery calls the use useData method and succeeds 1`] = `
Object {
  "embed": Object {
    "author": null,
    "color": 15895834,
    "description": "1. [**Symfony** - *Better than Laravel*](https://symfony.com)

:bulb: *react with a number (:one:, :two:, ...) to filter your result*
:neutral_face: *react with \`❌\` to delete*
:point_up: *supports \`!mdn\`, \`!github\`, \`!caniuse\`, \`!npm\`, \`!composer\`, \`!bundlephobia\`, and \`!php\`*
:gear: *issues? feature requests? head over to [github](https://github.com/ljosberinn/webdev-support-bot)*",
    "fields": Array [],
    "footer": Object {
      "iconURL": "https://packagist.org/bundles/packagistweb/img/logo-small.png",
      "text": "1 packages found",
    },
    "title": "Packagist results for search term",
    "url": "https://packagist.org/?query=search%20term",
  },
}
`;

exports[`handleComposerQuery calls the use useData method and succeeds 2`] = `
Object {
  "embed": Object {
    "author": null,
    "color": 15895834,
    "description": "1. [**Symfony** - *Better than Laravel*](https://symfony.com)

:bulb: *react with a number (:one:, :two:, ...) to filter your result*
:neutral_face: *react with \`❌\` to delete*
:point_up: *supports \`!mdn\`, \`!github\`, \`!caniuse\`, \`!npm\`, \`!composer\`, \`!bundlephobia\`, and \`!php\`*
:gear: *issues? feature requests? head over to [github](https://github.com/ljosberinn/webdev-support-bot)*",
    "fields": Array [],
    "footer": Object {
      "iconURL": "https://packagist.org/bundles/packagistweb/img/logo-small.png",
      "text": "1 packages found",
    },
    "title": "Packagist results for search term",
    "url": "https://packagist.org/?query=search%20term",
  },
}
`;
